Archive member included to satisfy reference by file (symbol)

c:/st/stm32cubeide_1.11.0/stm32cubeide/plugins/com.st.stm32cube.ide.mcu.externaltools.gnu-tools-for-stm32.10.3-2021.10.win32_1.0.100.202210260954/tools/bin/../lib/gcc/arm-none-eabi/10.3.1/../../../../arm-none-eabi/lib/thumb/v7e-m+fp/hard\libc_nano.a(lib_a-errno.o)
                              ./Core/Src/syscalls.o (__errno)
c:/st/stm32cubeide_1.11.0/stm32cubeide/plugins/com.st.stm32cube.ide.mcu.externaltools.gnu-tools-for-stm32.10.3-2021.10.win32_1.0.100.202210260954/tools/bin/../lib/gcc/arm-none-eabi/10.3.1/../../../../arm-none-eabi/lib/thumb/v7e-m+fp/hard\libc_nano.a(lib_a-exit.o)
                              c:/st/stm32cubeide_1.11.0/stm32cubeide/plugins/com.st.stm32cube.ide.mcu.externaltools.gnu-tools-for-stm32.10.3-2021.10.win32_1.0.100.202210260954/tools/bin/../lib/gcc/arm-none-eabi/10.3.1/../../../../arm-none-eabi/lib/thumb/v7e-m+fp/hard/crt0.o (exit)
c:/st/stm32cubeide_1.11.0/stm32cubeide/plugins/com.st.stm32cube.ide.mcu.externaltools.gnu-tools-for-stm32.10.3-2021.10.win32_1.0.100.202210260954/tools/bin/../lib/gcc/arm-none-eabi/10.3.1/../../../../arm-none-eabi/lib/thumb/v7e-m+fp/hard\libc_nano.a(lib_a-impure.o)
                              c:/st/stm32cubeide_1.11.0/stm32cubeide/plugins/com.st.stm32cube.ide.mcu.externaltools.gnu-tools-for-stm32.10.3-2021.10.win32_1.0.100.202210260954/tools/bin/../lib/gcc/arm-none-eabi/10.3.1/../../../../arm-none-eabi/lib/thumb/v7e-m+fp/hard\libc_nano.a(lib_a-exit.o) (_global_impure_ptr)
c:/st/stm32cubeide_1.11.0/stm32cubeide/plugins/com.st.stm32cube.ide.mcu.externaltools.gnu-tools-for-stm32.10.3-2021.10.win32_1.0.100.202210260954/tools/bin/../lib/gcc/arm-none-eabi/10.3.1/../../../../arm-none-eabi/lib/thumb/v7e-m+fp/hard\libc_nano.a(lib_a-init.o)
                              c:/st/stm32cubeide_1.11.0/stm32cubeide/plugins/com.st.stm32cube.ide.mcu.externaltools.gnu-tools-for-stm32.10.3-2021.10.win32_1.0.100.202210260954/tools/bin/../lib/gcc/arm-none-eabi/10.3.1/../../../../arm-none-eabi/lib/thumb/v7e-m+fp/hard/crt0.o (__libc_init_array)
c:/st/stm32cubeide_1.11.0/stm32cubeide/plugins/com.st.stm32cube.ide.mcu.externaltools.gnu-tools-for-stm32.10.3-2021.10.win32_1.0.100.202210260954/tools/bin/../lib/gcc/arm-none-eabi/10.3.1/../../../../arm-none-eabi/lib/thumb/v7e-m+fp/hard\libc_nano.a(lib_a-memset.o)
                              c:/st/stm32cubeide_1.11.0/stm32cubeide/plugins/com.st.stm32cube.ide.mcu.externaltools.gnu-tools-for-stm32.10.3-2021.10.win32_1.0.100.202210260954/tools/bin/../lib/gcc/arm-none-eabi/10.3.1/../../../../arm-none-eabi/lib/thumb/v7e-m+fp/hard/crt0.o (memset)
c:/st/stm32cubeide_1.11.0/stm32cubeide/plugins/com.st.stm32cube.ide.mcu.externaltools.gnu-tools-for-stm32.10.3-2021.10.win32_1.0.100.202210260954/tools/bin/../lib/gcc/arm-none-eabi/10.3.1/thumb/v7e-m+fp/hard\libgcc.a(_arm_muldf3.o)
                              ./Core/Src/main.o (__aeabi_dmul)
c:/st/stm32cubeide_1.11.0/stm32cubeide/plugins/com.st.stm32cube.ide.mcu.externaltools.gnu-tools-for-stm32.10.3-2021.10.win32_1.0.100.202210260954/tools/bin/../lib/gcc/arm-none-eabi/10.3.1/thumb/v7e-m+fp/hard\libgcc.a(_arm_addsubdf3.o)
                              ./Core/Src/main.o (__aeabi_dsub)
c:/st/stm32cubeide_1.11.0/stm32cubeide/plugins/com.st.stm32cube.ide.mcu.externaltools.gnu-tools-for-stm32.10.3-2021.10.win32_1.0.100.202210260954/tools/bin/../lib/gcc/arm-none-eabi/10.3.1/thumb/v7e-m+fp/hard\libgcc.a(_arm_muldivdf3.o)
                              ./Core/Src/main.o (__aeabi_ddiv)
c:/st/stm32cubeide_1.11.0/stm32cubeide/plugins/com.st.stm32cube.ide.mcu.externaltools.gnu-tools-for-stm32.10.3-2021.10.win32_1.0.100.202210260954/tools/bin/../lib/gcc/arm-none-eabi/10.3.1/thumb/v7e-m+fp/hard\libgcc.a(_arm_truncdfsf2.o)
                              ./Core/Src/main.o (__aeabi_d2f)

Discarded input sections

 .text          0x0000000000000000        0x0 c:/st/stm32cubeide_1.11.0/stm32cubeide/plugins/com.st.stm32cube.ide.mcu.externaltools.gnu-tools-for-stm32.10.3-2021.10.win32_1.0.100.202210260954/tools/bin/../lib/gcc/arm-none-eabi/10.3.1/thumb/v7e-m+fp/hard/crti.o
 .data          0x0000000000000000        0x0 c:/st/stm32cubeide_1.11.0/stm32cubeide/plugins/com.st.stm32cube.ide.mcu.externaltools.gnu-tools-for-stm32.10.3-2021.10.win32_1.0.100.202210260954/tools/bin/../lib/gcc/arm-none-eabi/10.3.1/thumb/v7e-m+fp/hard/crti.o
 .bss           0x0000000000000000        0x0 c:/st/stm32cubeide_1.11.0/stm32cubeide/plugins/com.st.stm32cube.ide.mcu.externaltools.gnu-tools-for-stm32.10.3-2021.10.win32_1.0.100.202210260954/tools/bin/../lib/gcc/arm-none-eabi/10.3.1/thumb/v7e-m+fp/hard/crti.o
 .data          0x0000000000000000        0x4 c:/st/stm32cubeide_1.11.0/stm32cubeide/plugins/com.st.stm32cube.ide.mcu.externaltools.gnu-tools-for-stm32.10.3-2021.10.win32_1.0.100.202210260954/tools/bin/../lib/gcc/arm-none-eabi/10.3.1/thumb/v7e-m+fp/hard/crtbegin.o
[...]
Memory Configuration

Name             Origin             Length             Attributes
RAM              0x0000000020000000 0x0000000000004000 xrw
FLASH            0x0000000008000000 0x0000000000010000 xr
*default*        0x0000000000000000 0xffffffffffffffff

Linker script and memory map

LOAD c:/st/stm32cubeide_1.11.0/stm32cubeide/plugins/com.st.stm32cube.ide.mcu.externaltools.gnu-tools-for-stm32.10.3-2021.10.win32_1.0.100.202210260954/tools/bin/../lib/gcc/arm-none-eabi/10.3.1/thumb/v7e-m+fp/hard/crti.o
LOAD c:/st/stm32cubeide_1.11.0/stm32cubeide/plugins/com.st.stm32cube.ide.mcu.externaltools.gnu-tools-for-stm32.10.3-2021.10.win32_1.0.100.202210260954/tools/bin/../lib/gcc/arm-none-eabi/10.3.1/thumb/v7e-m+fp/hard/crtbegin.o
LOAD c:/st/stm32cubeide_1.11.0/stm32cubeide/plugins/com.st.stm32cube.ide.mcu.externaltools.gnu-tools-for-stm32.10.3-2021.10.win32_1.0.100.202210260954/tools/bin/../lib/gcc/arm-none-eabi/10.3.1/../../../../arm-none-eabi/lib/thumb/v7e-m+fp/hard/crt0.o
LOAD ./Core/Src/main.o
LOAD ./Core/Src/stm32f3xx_hal_msp.o
LOAD ./Core/Src/stm32f3xx_it.o
LOAD ./Core/Src/syscalls.o
LOAD ./Core/Src/sysmem.o
LOAD ./Core/Src/system_stm32f3xx.o
LOAD ./Core/Startup/startup_stm32f301k8tx.o
LOAD ./Drivers/STM32F3xx_HAL_Driver/Src/stm32f3xx_hal.o
LOAD ./Drivers/STM32F3xx_HAL_Driver/Src/stm32f3xx_hal_cortex.o
LOAD ./Drivers/STM32F3xx_HAL_Driver/Src/stm32f3xx_hal_dma.o
LOAD ./Drivers/STM32F3xx_HAL_Driver/Src/stm32f3xx_hal_exti.o
LOAD ./Drivers/STM32F3xx_HAL_Driver/Src/stm32f3xx_hal_flash.o
LOAD ./Drivers/STM32F3xx_HAL_Driver/Src/stm32f3xx_hal_flash_ex.o
LOAD ./Drivers/STM32F3xx_HAL_Driver/Src/stm32f3xx_hal_gpio.o
LOAD ./Drivers/STM32F3xx_HAL_Driver/Src/stm32f3xx_hal_i2c.o
LOAD ./Drivers/STM32F3xx_HAL_Driver/Src/stm32f3xx_hal_i2c_ex.o
LOAD ./Drivers/STM32F3xx_HAL_Driver/Src/stm32f3xx_hal_pwr.o
LOAD ./Drivers/STM32F3xx_HAL_Driver/Src/stm32f3xx_hal_pwr_ex.o
LOAD ./Drivers/STM32F3xx_HAL_Driver/Src/stm32f3xx_hal_rcc.o
LOAD ./Drivers/STM32F3xx_HAL_Driver/Src/stm32f3xx_hal_rcc_ex.o
LOAD ./Drivers/STM32F3xx_HAL_Driver/Src/stm32f3xx_hal_tim.o
LOAD ./Drivers/STM32F3xx_HAL_Driver/Src/stm32f3xx_hal_tim_ex.o
START GROUP
LOAD c:/st/stm32cubeide_1.11.0/stm32cubeide/plugins/com.st.stm32cube.ide.mcu.externaltools.gnu-tools-for-stm32.10.3-2021.10.win32_1.0.100.202210260954/tools/bin/../lib/gcc/arm-none-eabi/10.3.1/../../../../arm-none-eabi/lib/thumb/v7e-m+fp/hard\libc_nano.a
LOAD c:/st/stm32cubeide_1.11.0/stm32cubeide/plugins/com.st.stm32cube.ide.mcu.externaltools.gnu-tools-for-stm32.10.3-2021.10.win32_1.0.100.202210260954/tools/bin/../lib/gcc/arm-none-eabi/10.3.1/../../../../arm-none-eabi/lib/thumb/v7e-m+fp/hard\libm.a
END GROUP
START GROUP
LOAD c:/st/stm32cubeide_1.11.0/stm32cubeide/plugins/com.st.stm32cube.ide.mcu.externaltools.gnu-tools-for-stm32.10.3-2021.10.win32_1.0.100.202210260954/tools/bin/../lib/gcc/arm-none-eabi/10.3.1/thumb/v7e-m+fp/hard\libgcc.a
LOAD c:/st/stm32cubeide_1.11.0/stm32cubeide/plugins/com.st.stm32cube.ide.mcu.externaltools.gnu-tools-for-stm32.10.3-2021.10.win32_1.0.100.202210260954/tools/bin/../lib/gcc/arm-none-eabi/10.3.1/../../../../arm-none-eabi/lib/thumb/v7e-m+fp/hard\libc_nano.a
END GROUP
START GROUP
LOAD c:/st/stm32cubeide_1.11.0/stm32cubeide/plugins/com.st.stm32cube.ide.mcu.externaltools.gnu-tools-for-stm32.10.3-2021.10.win32_1.0.100.202210260954/tools/bin/../lib/gcc/arm-none-eabi/10.3.1/thumb/v7e-m+fp/hard\libgcc.a
LOAD c:/st/stm32cubeide_1.11.0/stm32cubeide/plugins/com.st.stm32cube.ide.mcu.externaltools.gnu-tools-for-stm32.10.3-2021.10.win32_1.0.100.202210260954/tools/bin/../lib/gcc/arm-none-eabi/10.3.1/../../../../arm-none-eabi/lib/thumb/v7e-m+fp/hard\libc_nano.a
LOAD c:/st/stm32cubeide_1.11.0/stm32cubeide/plugins/com.st.stm32cube.ide.mcu.externaltools.gnu-tools-for-stm32.10.3-2021.10.win32_1.0.100.202210260954/tools/bin/../lib/gcc/arm-none-eabi/10.3.1/../../../../arm-none-eabi/lib/thumb/v7e-m+fp/hard\libnosys.a
END GROUP
START GROUP
LOAD c:/st/stm32cubeide_1.11.0/stm32cubeide/plugins/com.st.stm32cube.ide.mcu.externaltools.gnu-tools-for-stm32.10.3-2021.10.win32_1.0.100.202210260954/tools/bin/../lib/gcc/arm-none-eabi/10.3.1/thumb/v7e-m+fp/hard\libgcc.a
LOAD c:/st/stm32cubeide_1.11.0/stm32cubeide/plugins/com.st.stm32cube.ide.mcu.externaltools.gnu-tools-for-stm32.10.3-2021.10.win32_1.0.100.202210260954/tools/bin/../lib/gcc/arm-none-eabi/10.3.1/../../../../arm-none-eabi/lib/thumb/v7e-m+fp/hard\libc_nano.a
LOAD c:/st/stm32cubeide_1.11.0/stm32cubeide/plugins/com.st.stm32cube.ide.mcu.externaltools.gnu-tools-for-stm32.10.3-2021.10.win32_1.0.100.202210260954/tools/bin/../lib/gcc/arm-none-eabi/10.3.1/../../../../arm-none-eabi/lib/thumb/v7e-m+fp/hard\libnosys.a
END GROUP
LOAD c:/st/stm32cubeide_1.11.0/stm32cubeide/plugins/com.st.stm32cube.ide.mcu.externaltools.gnu-tools-for-stm32.10.3-2021.10.win32_1.0.100.202210260954/tools/bin/../lib/gcc/arm-none-eabi/10.3.1/thumb/v7e-m+fp/hard/crtend.o
LOAD c:/st/stm32cubeide_1.11.0/stm32cubeide/plugins/com.st.stm32cube.ide.mcu.externaltools.gnu-tools-for-stm32.10.3-2021.10.win32_1.0.100.202210260954/tools/bin/../lib/gcc/arm-none-eabi/10.3.1/thumb/v7e-m+fp/hard/crtn.o
                0x0000000020004000                _estack = (ORIGIN (RAM) + LENGTH (RAM))
                0x0000000000000200                _Min_Heap_Size = 0x200
                0x0000000000000400                _Min_Stack_Size = 0x400

.isr_vector     0x0000000008000000      0x188
                0x0000000008000000                . = ALIGN (0x4)
 *(.isr_vector)
 .isr_vector    0x0000000008000000      0x188 ./Core/Startup/startup_stm32f301k8tx.o
                0x0000000008000000                g_pfnVectors
                0x0000000008000188                . = ALIGN (0x4)

.text           0x0000000008000188     0x51e8
                0x0000000008000188                . = ALIGN (0x4)
 *(.text)
 .text          0x0000000008000188       0x40 c:/st/stm32cubeide_1.11.0/stm32cubeide/plugins/com.st.stm32cube.ide.mcu.externaltools.gnu-tools-for-stm32.10.3-2021.10.win32_1.0.100.202210260954/tools/bin/../lib/gcc/arm-none-eabi/10.3.1/thumb/v7e-m+fp/hard/crtbegin.o
 .text          0x00000000080001c8      0x378 c:/st/stm32cubeide_1.11.0/stm32cubeide/plugins/com.st.stm32cube.ide.mcu.externaltools.gnu-tools-for-stm32.10.3-2021.10.win32_1.0.100.202210260954/tools/bin/../lib/gcc/arm-none-eabi/10.3.1/thumb/v7e-m+fp/hard\libgcc.a(_arm_addsubdf3.o)
                0x00000000080001c8                __aeabi_drsub
                0x00000000080001d0                __aeabi_dsub
                0x00000000080001d0                __subdf3
                0x00000000080001d4                __aeabi_dadd
                0x00000000080001d4                __adddf3
                0x000000000800044c                __floatunsidf
                0x000000000800044c                __aeabi_ui2d
                0x000000000800046c                __floatsidf
                0x000000000800046c                __aeabi_i2d
                0x0000000008000490                __aeabi_f2d
                0x0000000008000490                __extendsfdf2
                0x00000000080004d4                __floatundidf
                0x00000000080004d4                __aeabi_ul2d
                0x00000000080004e4                __floatdidf
                0x00000000080004e4                __aeabi_l2d
 .text          0x0000000008000540      0x424 c:/st/stm32cubeide_1.11.0/stm32cubeide/plugins/com.st.stm32cube.ide.mcu.externaltools.gnu-tools-for-stm32.10.3-2021.10.win32_1.0.100.202210260954/tools/bin/../lib/gcc/arm-none-eabi/10.3.1/thumb/v7e-m+fp/hard\libgcc.a(_arm_muldivdf3.o)
                0x0000000008000540                __aeabi_dmul
                0x0000000008000540                __muldf3
                0x0000000008000794                __divdf3
                0x0000000008000794                __aeabi_ddiv
 .text          0x0000000008000964       0xa0 c:/st/stm32cubeide_1.11.0/stm32cubeide/plugins/com.st.stm32cube.ide.mcu.externaltools.gnu-tools-for-stm32.10.3-2021.10.win32_1.0.100.202210260954/tools/bin/../lib/gcc/arm-none-eabi/10.3.1/thumb/v7e-m+fp/hard\libgcc.a(_arm_truncdfsf2.o)
                0x0000000008000964                __truncdfsf2
                0x0000000008000964                __aeabi_d2f
 *(.text*)
 .text.SevenSegment_Update
                0x0000000008000a04       0xb6 ./Core/Src/main.o
                0x0000000008000a04                SevenSegment_Update
 *fill*         0x0000000008000aba        0x2 
 .text.main     0x0000000008000abc      0x498 ./Core/Src/main.o
                0x0000000008000abc                main
 .text.SystemClock_Config
                0x0000000008000f54       0xbe ./Core/Src/main.o
                0x0000000008000f54                SystemClock_Config
 *fill*         0x0000000008001012        0x2 
 .text.MX_TIM1_Init
                0x0000000008001014      0x15c ./Core/Src/main.o
 .text.MX_TIM2_Init
                0x0000000008001170       0xe0 ./Core/Src/main.o
 .text.MX_TIM16_Init
                0x0000000008001250       0x94 ./Core/Src/main.o
 .text.MX_GPIO_Init
                0x00000000080012e4      0x100 ./Core/Src/main.o
 *fill*         0x00000000080013e4        0x4 
 .text.calcul_capa
                0x00000000080013e8       0x84 ./Core/Src/main.o
                0x00000000080013e8                calcul_capa
 .text.moving_average
                0x000000000800146c       0x80 ./Core/Src/main.o
                0x000000000800146c                moving_average
 .text.HAL_TIM_IC_CaptureCallback
                0x00000000080014ec       0xf4 ./Core/Src/main.o
                0x00000000080014ec                HAL_TIM_IC_CaptureCallback
 .text.HAL_TIM_PeriodElapsedCallback
                0x00000000080015e0       0x88 ./Core/Src/main.o
                0x00000000080015e0                HAL_TIM_PeriodElapsedCallback
 .text.Error_Handler
                0x0000000008001668        0xa ./Core/Src/main.o
                0x0000000008001668                Error_Handler
 *fill*         0x0000000008001672        0x2 
 .text.HAL_MspInit
                0x0000000008001674       0x54 ./Core/Src/stm32f3xx_hal_msp.o
                0x0000000008001674                HAL_MspInit
 .text.HAL_TIM_Base_MspInit
                0x00000000080016c8      0x13c ./Core/Src/stm32f3xx_hal_msp.o
                0x00000000080016c8                HAL_TIM_Base_MspInit
 .text.HAL_TIM_MspPostInit
                0x0000000008001804       0x70 ./Core/Src/stm32f3xx_hal_msp.o
                0x0000000008001804                HAL_TIM_MspPostInit
 .text.NMI_Handler
                0x0000000008001874        0x6 ./Core/Src/stm32f3xx_it.o
                0x0000000008001874                NMI_Handler
 .text.HardFault_Handler
                0x000000000800187a        0x6 ./Core/Src/stm32f3xx_it.o
                0x000000000800187a                HardFault_Handler
 .text.MemManage_Handler
                0x0000000008001880        0x6 ./Core/Src/stm32f3xx_it.o
                0x0000000008001880                MemManage_Handler
 .text.BusFault_Handler
                0x0000000008001886        0x6 ./Core/Src/stm32f3xx_it.o
                0x0000000008001886                BusFault_Handler
 .text.UsageFault_Handler
                0x000000000800188c        0x6 ./Core/Src/stm32f3xx_it.o
                0x000000000800188c                UsageFault_Handler
 .text.SVC_Handler
                0x0000000008001892        0xe ./Core/Src/stm32f3xx_it.o
                0x0000000008001892                SVC_Handler
 .text.DebugMon_Handler
                0x00000000080018a0        0xe ./Core/Src/stm32f3xx_it.o
                0x00000000080018a0                DebugMon_Handler
 .text.PendSV_Handler
                0x00000000080018ae        0xe ./Core/Src/stm32f3xx_it.o
                0x00000000080018ae                PendSV_Handler
 .text.SysTick_Handler
                0x00000000080018bc        0xc ./Core/Src/stm32f3xx_it.o
                0x00000000080018bc                SysTick_Handler
 .text.RCC_IRQHandler
                0x00000000080018c8        0xe ./Core/Src/stm32f3xx_it.o
                0x00000000080018c8                RCC_IRQHandler
 *fill*         0x00000000080018d6        0x2 
 .text.TIM1_UP_TIM16_IRQHandler
                0x00000000080018d8       0x1c ./Core/Src/stm32f3xx_it.o
                0x00000000080018d8                TIM1_UP_TIM16_IRQHandler
 .text.TIM2_IRQHandler
                0x00000000080018f4       0x14 ./Core/Src/stm32f3xx_it.o
                0x00000000080018f4                TIM2_IRQHandler
 .text.SystemInit
                0x0000000008001908       0x24 ./Core/Src/system_stm32f3xx.o
                0x0000000008001908                SystemInit
 .text.Reset_Handler
                0x000000000800192c       0x50 ./Core/Startup/startup_stm32f301k8tx.o
                0x000000000800192c                Reset_Handler
 .text.Default_Handler
                0x000000000800197c        0x2 ./Core/Startup/startup_stm32f301k8tx.o
                0x000000000800197c                RTC_Alarm_IRQHandler
                0x000000000800197c                TIM1_CC_IRQHandler
                0x000000000800197c                PVD_IRQHandler
                0x000000000800197c                TAMP_STAMP_IRQHandler
                0x000000000800197c                EXTI3_IRQHandler
                0x000000000800197c                I2C3_ER_IRQHandler
                0x000000000800197c                EXTI0_IRQHandler
                0x000000000800197c                I2C2_EV_IRQHandler
                0x000000000800197c                FPU_IRQHandler
                0x000000000800197c                TIM6_DAC_IRQHandler
                0x000000000800197c                DMA1_Channel4_IRQHandler
                0x000000000800197c                ADC1_IRQHandler
                0x000000000800197c                USART3_IRQHandler
                0x000000000800197c                DMA1_Channel7_IRQHandler
                0x000000000800197c                I2C1_EV_IRQHandler
                0x000000000800197c                DMA1_Channel6_IRQHandler
                0x000000000800197c                DMA1_Channel1_IRQHandler
                0x000000000800197c                Default_Handler
                0x000000000800197c                EXTI15_10_IRQHandler
                0x000000000800197c                COMP2_IRQHandler
                0x000000000800197c                I2C3_EV_IRQHandler
                0x000000000800197c                EXTI9_5_IRQHandler
                0x000000000800197c                RTC_WKUP_IRQHandler
                0x000000000800197c                SPI2_IRQHandler
                0x000000000800197c                DMA1_Channel5_IRQHandler
                0x000000000800197c                EXTI4_IRQHandler
                0x000000000800197c                TIM1_TRG_COM_TIM17_IRQHandler
                0x000000000800197c                DMA1_Channel3_IRQHandler
                0x000000000800197c                WWDG_IRQHandler
                0x000000000800197c                EXTI1_IRQHandler
                0x000000000800197c                COMP4_6_IRQHandler
                0x000000000800197c                USART2_IRQHandler
                0x000000000800197c                I2C2_ER_IRQHandler
                0x000000000800197c                DMA1_Channel2_IRQHandler
                0x000000000800197c                FLASH_IRQHandler
                0x000000000800197c                USART1_IRQHandler
                0x000000000800197c                SPI3_IRQHandler
                0x000000000800197c                I2C1_ER_IRQHandler
                0x000000000800197c                EXTI2_TSC_IRQHandler
                0x000000000800197c                TIM1_BRK_TIM15_IRQHandler
 *fill*         0x000000000800197e        0x2 
 .text.HAL_Init
                0x0000000008001980       0x2c ./Drivers/STM32F3xx_HAL_Driver/Src/stm32f3xx_hal.o
                0x0000000008001980                HAL_Init
 .text.HAL_InitTick
                0x00000000080019ac       0x60 ./Drivers/STM32F3xx_HAL_Driver/Src/stm32f3xx_hal.o
                0x00000000080019ac                HAL_InitTick
 .text.HAL_IncTick
                0x0000000008001a0c       0x28 ./Drivers/STM32F3xx_HAL_Driver/Src/stm32f3xx_hal.o
                0x0000000008001a0c                HAL_IncTick
 .text.HAL_GetTick
                0x0000000008001a34       0x18 ./Drivers/STM32F3xx_HAL_Driver/Src/stm32f3xx_hal.o
                0x0000000008001a34                HAL_GetTick
 .text.HAL_Delay
                0x0000000008001a4c       0x48 ./Drivers/STM32F3xx_HAL_Driver/Src/stm32f3xx_hal.o
                0x0000000008001a4c                HAL_Delay
 .text.__NVIC_SetPriorityGrouping
                0x0000000008001a94       0x48 ./Drivers/STM32F3xx_HAL_Driver/Src/stm32f3xx_hal_cortex.o
 .text.__NVIC_GetPriorityGrouping
                0x0000000008001adc       0x1c ./Drivers/STM32F3xx_HAL_Driver/Src/stm32f3xx_hal_cortex.o
 .text.__NVIC_EnableIRQ
                0x0000000008001af8       0x3c ./Drivers/STM32F3xx_HAL_Driver/Src/stm32f3xx_hal_cortex.o
 .text.__NVIC_SetPriority
                0x0000000008001b34       0x54 ./Drivers/STM32F3xx_HAL_Driver/Src/stm32f3xx_hal_cortex.o
 .text.NVIC_EncodePriority
                0x0000000008001b88       0x66 ./Drivers/STM32F3xx_HAL_Driver/Src/stm32f3xx_hal_cortex.o
 *fill*         0x0000000008001bee        0x2 
 .text.SysTick_Config
                0x0000000008001bf0       0x44 ./Drivers/STM32F3xx_HAL_Driver/Src/stm32f3xx_hal_cortex.o
 .text.HAL_NVIC_SetPriorityGrouping
                0x0000000008001c34       0x16 ./Drivers/STM32F3xx_HAL_Driver/Src/stm32f3xx_hal_cortex.o
                0x0000000008001c34                HAL_NVIC_SetPriorityGrouping
 .text.HAL_NVIC_SetPriority
                0x0000000008001c4a       0x38 ./Drivers/STM32F3xx_HAL_Driver/Src/stm32f3xx_hal_cortex.o
                0x0000000008001c4a                HAL_NVIC_SetPriority
 .text.HAL_NVIC_EnableIRQ
                0x0000000008001c82       0x1c ./Drivers/STM32F3xx_HAL_Driver/Src/stm32f3xx_hal_cortex.o
                0x0000000008001c82                HAL_NVIC_EnableIRQ
 .text.HAL_SYSTICK_Config
                0x0000000008001c9e       0x18 ./Drivers/STM32F3xx_HAL_Driver/Src/stm32f3xx_hal_cortex.o
                0x0000000008001c9e                HAL_SYSTICK_Config
 *fill*         0x0000000008001cb6        0x2 
 .text.HAL_GPIO_Init
                0x0000000008001cb8      0x2e4 ./Drivers/STM32F3xx_HAL_Driver/Src/stm32f3xx_hal_gpio.o
                0x0000000008001cb8                HAL_GPIO_Init
 .text.HAL_GPIO_ReadPin
                0x0000000008001f9c       0x30 ./Drivers/STM32F3xx_HAL_Driver/Src/stm32f3xx_hal_gpio.o
                0x0000000008001f9c                HAL_GPIO_ReadPin
 .text.HAL_GPIO_WritePin
                0x0000000008001fcc       0x30 ./Drivers/STM32F3xx_HAL_Driver/Src/stm32f3xx_hal_gpio.o
                0x0000000008001fcc                HAL_GPIO_WritePin
 .text.HAL_RCC_OscConfig
                0x0000000008001ffc     0x107c ./Drivers/STM32F3xx_HAL_Driver/Src/stm32f3xx_hal_rcc.o
                0x0000000008001ffc                HAL_RCC_OscConfig
 .text.HAL_RCC_ClockConfig
                0x0000000008003078      0x2f8 ./Drivers/STM32F3xx_HAL_Driver/Src/stm32f3xx_hal_rcc.o
                0x0000000008003078                HAL_RCC_ClockConfig
 .text.HAL_RCC_MCOConfig
                0x0000000008003370       0x68 ./Drivers/STM32F3xx_HAL_Driver/Src/stm32f3xx_hal_rcc.o
                0x0000000008003370                HAL_RCC_MCOConfig
 .text.HAL_RCC_GetSysClockFreq
                0x00000000080033d8       0xd4 ./Drivers/STM32F3xx_HAL_Driver/Src/stm32f3xx_hal_rcc.o
                0x00000000080033d8                HAL_RCC_GetSysClockFreq
 .text.HAL_RCCEx_PeriphCLKConfig
                0x00000000080034ac      0x308 ./Drivers/STM32F3xx_HAL_Driver/Src/stm32f3xx_hal_rcc_ex.o
                0x00000000080034ac                HAL_RCCEx_PeriphCLKConfig
 .text.HAL_TIM_Base_Init
                0x00000000080037b4       0xae ./Drivers/STM32F3xx_HAL_Driver/Src/stm32f3xx_hal_tim.o
                0x00000000080037b4                HAL_TIM_Base_Init
 *fill*         0x0000000008003862        0x2 
 .text.HAL_TIM_Base_Start_IT
                0x0000000008003864       0xa8 ./Drivers/STM32F3xx_HAL_Driver/Src/stm32f3xx_hal_tim.o
                0x0000000008003864                HAL_TIM_Base_Start_IT
 .text.HAL_TIM_PWM_Init
                0x000000000800390c       0xae ./Drivers/STM32F3xx_HAL_Driver/Src/stm32f3xx_hal_tim.o
                0x000000000800390c                HAL_TIM_PWM_Init
 .text.HAL_TIM_PWM_MspInit
                0x00000000080039ba       0x14 ./Drivers/STM32F3xx_HAL_Driver/Src/stm32f3xx_hal_tim.o
                0x00000000080039ba                HAL_TIM_PWM_MspInit
 *fill*         0x00000000080039ce        0x2 
 .text.HAL_TIM_PWM_Start
                0x00000000080039d0      0x1cc ./Drivers/STM32F3xx_HAL_Driver/Src/stm32f3xx_hal_tim.o
                0x00000000080039d0                HAL_TIM_PWM_Start
 .text.HAL_TIM_PWM_Stop
                0x0000000008003b9c      0x11c ./Drivers/STM32F3xx_HAL_Driver/Src/stm32f3xx_hal_tim.o
                0x0000000008003b9c                HAL_TIM_PWM_Stop
 .text.HAL_TIM_IC_Init
                0x0000000008003cb8       0xae ./Drivers/STM32F3xx_HAL_Driver/Src/stm32f3xx_hal_tim.o
                0x0000000008003cb8                HAL_TIM_IC_Init
 .text.HAL_TIM_IC_MspInit
                0x0000000008003d66       0x14 ./Drivers/STM32F3xx_HAL_Driver/Src/stm32f3xx_hal_tim.o
                0x0000000008003d66                HAL_TIM_IC_MspInit
 *fill*         0x0000000008003d7a        0x2 
 .text.HAL_TIM_IC_Start_IT
                0x0000000008003d7c      0x25c ./Drivers/STM32F3xx_HAL_Driver/Src/stm32f3xx_hal_tim.o
                0x0000000008003d7c                HAL_TIM_IC_Start_IT
 .text.HAL_TIM_IRQHandler
                0x0000000008003fd8      0x23e ./Drivers/STM32F3xx_HAL_Driver/Src/stm32f3xx_hal_tim.o
                0x0000000008003fd8                HAL_TIM_IRQHandler
 .text.HAL_TIM_IC_ConfigChannel
                0x0000000008004216      0x138 ./Drivers/STM32F3xx_HAL_Driver/Src/stm32f3xx_hal_tim.o
                0x0000000008004216                HAL_TIM_IC_ConfigChannel
 *fill*         0x000000000800434e        0x2 
 .text.HAL_TIM_PWM_ConfigChannel
                0x0000000008004350      0x228 ./Drivers/STM32F3xx_HAL_Driver/Src/stm32f3xx_hal_tim.o
                0x0000000008004350                HAL_TIM_PWM_ConfigChannel
 .text.HAL_TIM_ConfigClockSource
                0x0000000008004578      0x192 ./Drivers/STM32F3xx_HAL_Driver/Src/stm32f3xx_hal_tim.o
                0x0000000008004578                HAL_TIM_ConfigClockSource
 .text.HAL_TIM_OC_DelayElapsedCallback
                0x000000000800470a       0x14 ./Drivers/STM32F3xx_HAL_Driver/Src/stm32f3xx_hal_tim.o
                0x000000000800470a                HAL_TIM_OC_DelayElapsedCallback
 .text.HAL_TIM_PWM_PulseFinishedCallback
                0x000000000800471e       0x14 ./Drivers/STM32F3xx_HAL_Driver/Src/stm32f3xx_hal_tim.o
                0x000000000800471e                HAL_TIM_PWM_PulseFinishedCallback
 .text.HAL_TIM_TriggerCallback
                0x0000000008004732       0x14 ./Drivers/STM32F3xx_HAL_Driver/Src/stm32f3xx_hal_tim.o
                0x0000000008004732                HAL_TIM_TriggerCallback
 *fill*         0x0000000008004746        0x2 
 .text.TIM_Base_SetConfig
                0x0000000008004748       0xdc ./Drivers/STM32F3xx_HAL_Driver/Src/stm32f3xx_hal_tim.o
                0x0000000008004748                TIM_Base_SetConfig
 .text.TIM_OC1_SetConfig
                0x0000000008004824      0x10c ./Drivers/STM32F3xx_HAL_Driver/Src/stm32f3xx_hal_tim.o
 .text.TIM_OC2_SetConfig
                0x0000000008004930      0x100 ./Drivers/STM32F3xx_HAL_Driver/Src/stm32f3xx_hal_tim.o
                0x0000000008004930                TIM_OC2_SetConfig
 .text.TIM_OC3_SetConfig
                0x0000000008004a30       0xfc ./Drivers/STM32F3xx_HAL_Driver/Src/stm32f3xx_hal_tim.o
 .text.TIM_OC4_SetConfig
                0x0000000008004b2c       0xc8 ./Drivers/STM32F3xx_HAL_Driver/Src/stm32f3xx_hal_tim.o
 .text.TIM_OC5_SetConfig
                0x0000000008004bf4       0xbc ./Drivers/STM32F3xx_HAL_Driver/Src/stm32f3xx_hal_tim.o
 .text.TIM_OC6_SetConfig
                0x0000000008004cb0       0xc0 ./Drivers/STM32F3xx_HAL_Driver/Src/stm32f3xx_hal_tim.o
 .text.TIM_TI1_SetConfig
                0x0000000008004d70       0xac ./Drivers/STM32F3xx_HAL_Driver/Src/stm32f3xx_hal_tim.o
                0x0000000008004d70                TIM_TI1_SetConfig
 .text.TIM_TI1_ConfigInputStage
                0x0000000008004e1c       0x5e ./Drivers/STM32F3xx_HAL_Driver/Src/stm32f3xx_hal_tim.o
 .text.TIM_TI2_SetConfig
                0x0000000008004e7a       0x7a ./Drivers/STM32F3xx_HAL_Driver/Src/stm32f3xx_hal_tim.o
 .text.TIM_TI2_ConfigInputStage
                0x0000000008004ef4       0x60 ./Drivers/STM32F3xx_HAL_Driver/Src/stm32f3xx_hal_tim.o
 .text.TIM_TI3_SetConfig
                0x0000000008004f54       0x78 ./Drivers/STM32F3xx_HAL_Driver/Src/stm32f3xx_hal_tim.o
 .text.TIM_TI4_SetConfig
                0x0000000008004fcc       0x7a ./Drivers/STM32F3xx_HAL_Driver/Src/stm32f3xx_hal_tim.o
 .text.TIM_ITRx_SetConfig
                0x0000000008005046       0x36 ./Drivers/STM32F3xx_HAL_Driver/Src/stm32f3xx_hal_tim.o
 .text.TIM_ETR_SetConfig
                0x000000000800507c       0x40 ./Drivers/STM32F3xx_HAL_Driver/Src/stm32f3xx_hal_tim.o
                0x000000000800507c                TIM_ETR_SetConfig
 .text.TIM_CCxChannelCmd
                0x00000000080050bc       0x4a ./Drivers/STM32F3xx_HAL_Driver/Src/stm32f3xx_hal_tim.o
                0x00000000080050bc                TIM_CCxChannelCmd
 *fill*         0x0000000008005106        0x2 
 .text.HAL_TIMEx_MasterConfigSynchronization
                0x0000000008005108       0xcc ./Drivers/STM32F3xx_HAL_Driver/Src/stm32f3xx_hal_tim_ex.o
                0x0000000008005108                HAL_TIMEx_MasterConfigSynchronization
 .text.HAL_TIMEx_ConfigBreakDeadTime
                0x00000000080051d4       0xf0 ./Drivers/STM32F3xx_HAL_Driver/Src/stm32f3xx_hal_tim_ex.o
                0x00000000080051d4                HAL_TIMEx_ConfigBreakDeadTime
 .text.HAL_TIMEx_CommutCallback
                0x00000000080052c4       0x14 ./Drivers/STM32F3xx_HAL_Driver/Src/stm32f3xx_hal_tim_ex.o
                0x00000000080052c4                HAL_TIMEx_CommutCallback
 .text.HAL_TIMEx_BreakCallback
                0x00000000080052d8       0x14 ./Drivers/STM32F3xx_HAL_Driver/Src/stm32f3xx_hal_tim_ex.o
                0x00000000080052d8                HAL_TIMEx_BreakCallback
 .text.HAL_TIMEx_Break2Callback
                0x00000000080052ec       0x14 ./Drivers/STM32F3xx_HAL_Driver/Src/stm32f3xx_hal_tim_ex.o
                0x00000000080052ec                HAL_TIMEx_Break2Callback
 .text.__libc_init_array
                0x0000000008005300       0x48 c:/st/stm32cubeide_1.11.0/stm32cubeide/plugins/com.st.stm32cube.ide.mcu.externaltools.gnu-tools-for-stm32.10.3-2021.10.win32_1.0.100.202210260954/tools/bin/../lib/gcc/arm-none-eabi/10.3.1/../../../../arm-none-eabi/lib/thumb/v7e-m+fp/hard\libc_nano.a(lib_a-init.o)
                0x0000000008005300                __libc_init_array
 .text.memset   0x0000000008005348       0x10 c:/st/stm32cubeide_1.11.0/stm32cubeide/plugins/com.st.stm32cube.ide.mcu.externaltools.gnu-tools-for-stm32.10.3-2021.10.win32_1.0.100.202210260954/tools/bin/../lib/gcc/arm-none-eabi/10.3.1/../../../../arm-none-eabi/lib/thumb/v7e-m+fp/hard\libc_nano.a(lib_a-memset.o)
                0x0000000008005348                memset
 *(.glue_7)
 .glue_7        0x0000000008005358        0x0 linker stubs
 *(.glue_7t)
 .glue_7t       0x0000000008005358        0x0 linker stubs
 *(.eh_frame)
 .eh_frame      0x0000000008005358        0x0 c:/st/stm32cubeide_1.11.0/stm32cubeide/plugins/com.st.stm32cube.ide.mcu.externaltools.gnu-tools-for-stm32.10.3-2021.10.win32_1.0.100.202210260954/tools/bin/../lib/gcc/arm-none-eabi/10.3.1/thumb/v7e-m+fp/hard/crtbegin.o
 *(.init)
 .init          0x0000000008005358        0x4 c:/st/stm32cubeide_1.11.0/stm32cubeide/plugins/com.st.stm32cube.ide.mcu.externaltools.gnu-tools-for-stm32.10.3-2021.10.win32_1.0.100.202210260954/tools/bin/../lib/gcc/arm-none-eabi/10.3.1/thumb/v7e-m+fp/hard/crti.o
                0x0000000008005358                _init
 .init          0x000000000800535c        0x8 c:/st/stm32cubeide_1.11.0/stm32cubeide/plugins/com.st.stm32cube.ide.mcu.externaltools.gnu-tools-for-stm32.10.3-2021.10.win32_1.0.100.202210260954/tools/bin/../lib/gcc/arm-none-eabi/10.3.1/thumb/v7e-m+fp/hard/crtn.o
 *(.fini)
 .fini          0x0000000008005364        0x4 c:/st/stm32cubeide_1.11.0/stm32cubeide/plugins/com.st.stm32cube.ide.mcu.externaltools.gnu-tools-for-stm32.10.3-2021.10.win32_1.0.100.202210260954/tools/bin/../lib/gcc/arm-none-eabi/10.3.1/thumb/v7e-m+fp/hard/crti.o
                0x0000000008005364                _fini
 .fini          0x0000000008005368        0x8 c:/st/stm32cubeide_1.11.0/stm32cubeide/plugins/com.st.stm32cube.ide.mcu.externaltools.gnu-tools-for-stm32.10.3-2021.10.win32_1.0.100.202210260954/tools/bin/../lib/gcc/arm-none-eabi/10.3.1/thumb/v7e-m+fp/hard/crtn.o
                0x0000000008005370                . = ALIGN (0x4)
                0x0000000008005370                _etext = .

.vfp11_veneer   0x0000000008005370        0x0
 .vfp11_veneer  0x0000000008005370        0x0 linker stubs

.v4_bx          0x0000000008005370        0x0
 .v4_bx         0x0000000008005370        0x0 linker stubs

.iplt           0x0000000008005370        0x0
 .iplt          0x0000000008005370        0x0 c:/st/stm32cubeide_1.11.0/stm32cubeide/plugins/com.st.stm32cube.ide.mcu.externaltools.gnu-tools-for-stm32.10.3-2021.10.win32_1.0.100.202210260954/tools/bin/../lib/gcc/arm-none-eabi/10.3.1/thumb/v7e-m+fp/hard/crtbegin.o

.rodata         0x0000000008005370       0x30
                0x0000000008005370                . = ALIGN (0x4)
 *(.rodata)
 *(.rodata*)
 .rodata.AHBPrescTable
                0x0000000008005370       0x10 ./Core/Src/system_stm32f3xx.o
                0x0000000008005370                AHBPrescTable
 .rodata.aPLLMULFactorTable
                0x0000000008005380       0x10 ./Drivers/STM32F3xx_HAL_Driver/Src/stm32f3xx_hal_rcc.o
                0x0000000008005380                aPLLMULFactorTable
 .rodata.aPredivFactorTable
                0x0000000008005390       0x10 ./Drivers/STM32F3xx_HAL_Driver/Src/stm32f3xx_hal_rcc.o
                0x0000000008005390                aPredivFactorTable
                0x00000000080053a0                . = ALIGN (0x4)

.rel.dyn        0x00000000080053a0        0x0
 .rel.iplt      0x00000000080053a0        0x0 c:/st/stm32cubeide_1.11.0/stm32cubeide/plugins/com.st.stm32cube.ide.mcu.externaltools.gnu-tools-for-stm32.10.3-2021.10.win32_1.0.100.202210260954/tools/bin/../lib/gcc/arm-none-eabi/10.3.1/thumb/v7e-m+fp/hard/crtbegin.o

.ARM.extab      0x00000000080053a0        0x0
                0x00000000080053a0                . = ALIGN (0x4)
 *(.ARM.extab* .gnu.linkonce.armextab.*)
                0x00000000080053a0                . = ALIGN (0x4)

.ARM            0x00000000080053a0        0x0
                0x00000000080053a0                . = ALIGN (0x4)
                0x00000000080053a0                __exidx_start = .
 *(.ARM.exidx*)
                0x00000000080053a0                __exidx_end = .
                0x00000000080053a0                . = ALIGN (0x4)

.preinit_array  0x00000000080053a0        0x0
                0x00000000080053a0                . = ALIGN (0x4)
                0x00000000080053a0                PROVIDE (__preinit_array_start = .)
 *(.preinit_array*)
                0x00000000080053a0                PROVIDE (__preinit_array_end = .)
                0x00000000080053a0                . = ALIGN (0x4)

.init_array     0x00000000080053a0        0x4
                0x00000000080053a0                . = ALIGN (0x4)
                0x00000000080053a0                PROVIDE (__init_array_start = .)
 *(SORT_BY_NAME(.init_array.*))
 *(.init_array*)
 .init_array    0x00000000080053a0        0x4 c:/st/stm32cubeide_1.11.0/stm32cubeide/plugins/com.st.stm32cube.ide.mcu.externaltools.gnu-tools-for-stm32.10.3-2021.10.win32_1.0.100.202210260954/tools/bin/../lib/gcc/arm-none-eabi/10.3.1/thumb/v7e-m+fp/hard/crtbegin.o
                0x00000000080053a4                PROVIDE (__init_array_end = .)
                0x00000000080053a4                . = ALIGN (0x4)

.fini_array     0x00000000080053a4        0x4
                0x00000000080053a4                . = ALIGN (0x4)
                [!provide]                        PROVIDE (__fini_array_start = .)
 *(SORT_BY_NAME(.fini_array.*))
 *(.fini_array*)
 .fini_array    0x00000000080053a4        0x4 c:/st/stm32cubeide_1.11.0/stm32cubeide/plugins/com.st.stm32cube.ide.mcu.externaltools.gnu-tools-for-stm32.10.3-2021.10.win32_1.0.100.202210260954/tools/bin/../lib/gcc/arm-none-eabi/10.3.1/thumb/v7e-m+fp/hard/crtbegin.o
                [!provide]                        PROVIDE (__fini_array_end = .)
                0x00000000080053a8                . = ALIGN (0x4)
                0x00000000080053a8                _sidata = LOADADDR (.data)

.data           0x0000000020000000       0x20 load address 0x00000000080053a8
                0x0000000020000000                . = ALIGN (0x4)
                0x0000000020000000                _sdata = .
 *(.data)
 *(.data*)
 .data.actif    0x0000000020000000        0x4 ./Core/Src/main.o
                0x0000000020000000                actif
 .data.counter  0x0000000020000004        0x4 ./Core/Src/main.o
                0x0000000020000004                counter
 .data.segmentNumber
                0x0000000020000008        0xa ./Core/Src/main.o
                0x0000000020000008                segmentNumber
 *fill*         0x0000000020000012        0x2 
 .data.SystemCoreClock
                0x0000000020000014        0x4 ./Core/Src/system_stm32f3xx.o
                0x0000000020000014                SystemCoreClock
 .data.uwTickPrio
                0x0000000020000018        0x4 ./Drivers/STM32F3xx_HAL_Driver/Src/stm32f3xx_hal.o
                0x0000000020000018                uwTickPrio
 .data.uwTickFreq
                0x000000002000001c        0x1 ./Drivers/STM32F3xx_HAL_Driver/Src/stm32f3xx_hal.o
                0x000000002000001c                uwTickFreq
 *(.RamFunc)
 *(.RamFunc*)
                0x0000000020000020                . = ALIGN (0x4)
 *fill*         0x000000002000001d        0x3 
                0x0000000020000020                _edata = .

.igot.plt       0x0000000020000020        0x0 load address 0x00000000080053c8
 .igot.plt      0x0000000020000020        0x0 c:/st/stm32cubeide_1.11.0/stm32cubeide/plugins/com.st.stm32cube.ide.mcu.externaltools.gnu-tools-for-stm32.10.3-2021.10.win32_1.0.100.202210260954/tools/bin/../lib/gcc/arm-none-eabi/10.3.1/thumb/v7e-m+fp/hard/crtbegin.o
                0x0000000020000020                . = ALIGN (0x4)

.bss            0x0000000020000020      0x164 load address 0x00000000080053c8
                0x0000000020000020                _sbss = .
                0x0000000020000020                __bss_start__ = _sbss
 *(.bss)
 .bss           0x0000000020000020       0x1c c:/st/stm32cubeide_1.11.0/stm32cubeide/plugins/com.st.stm32cube.ide.mcu.externaltools.gnu-tools-for-stm32.10.3-2021.10.win32_1.0.100.202210260954/tools/bin/../lib/gcc/arm-none-eabi/10.3.1/thumb/v7e-m+fp/hard/crtbegin.o
 *(.bss*)
 .bss.htim1     0x000000002000003c       0x4c ./Core/Src/main.o
                0x000000002000003c                htim1
 .bss.htim2     0x0000000020000088       0x4c ./Core/Src/main.o
                0x0000000020000088                htim2
 .bss.htim16    0x00000000200000d4       0x4c ./Core/Src/main.o
                0x00000000200000d4                htim16
 .bss.capa      0x0000000020000120        0x4 ./Core/Src/main.o
                0x0000000020000120                capa
 .bss.moving_avg_freq
                0x0000000020000124        0x4 ./Core/Src/main.o
                0x0000000020000124                moving_avg_freq
 .bss.gu8_State
                0x0000000020000128        0x1 ./Core/Src/main.o
                0x0000000020000128                gu8_State
 *fill*         0x0000000020000129        0x3 
 .bss.gu32_T1   0x000000002000012c        0x4 ./Core/Src/main.o
                0x000000002000012c                gu32_T1
 .bss.gu32_T2   0x0000000020000130        0x4 ./Core/Src/main.o
                0x0000000020000130                gu32_T2
 .bss.gu32_Ticks
                0x0000000020000134        0x4 ./Core/Src/main.o
                0x0000000020000134                gu32_Ticks
 .bss.gu16_TIM2_OVC
                0x0000000020000138        0x2 ./Core/Src/main.o
                0x0000000020000138                gu16_TIM2_OVC
 *fill*         0x000000002000013a        0x2 
 .bss.gu32_Freq
                0x000000002000013c        0x4 ./Core/Src/main.o
                0x000000002000013c                gu32_Freq
 .bss.touche    0x0000000020000140        0x4 ./Core/Src/main.o
                0x0000000020000140                touche
 .bss.count     0x0000000020000144        0x4 ./Core/Src/main.o
                0x0000000020000144                count
 .bss.cnt_sec   0x0000000020000148        0x4 ./Core/Src/main.o
                0x0000000020000148                cnt_sec
 .bss.freq_list
                0x000000002000014c       0x28 ./Core/Src/main.o
                0x000000002000014c                freq_list
 .bss.freq_sum  0x0000000020000174        0x4 ./Core/Src/main.o
                0x0000000020000174                freq_sum
 .bss.temp1     0x0000000020000178        0x1 ./Core/Src/main.o
                0x0000000020000178                temp1
 .bss.temp2     0x0000000020000179        0x1 ./Core/Src/main.o
                0x0000000020000179                temp2
 .bss.temp3     0x000000002000017a        0x1 ./Core/Src/main.o
                0x000000002000017a                temp3
 .bss.temp4     0x000000002000017b        0x1 ./Core/Src/main.o
                0x000000002000017b                temp4
 .bss.index.0   0x000000002000017c        0x4 ./Core/Src/main.o
 .bss.uwTick    0x0000000020000180        0x4 ./Drivers/STM32F3xx_HAL_Driver/Src/stm32f3xx_hal.o
                0x0000000020000180                uwTick
 *(COMMON)
                0x0000000020000184                . = ALIGN (0x4)
                0x0000000020000184                _ebss = .
                0x0000000020000184                __bss_end__ = _ebss

._user_heap_stack
                0x0000000020000184      0x604 load address 0x00000000080053c8
                0x0000000020000188                . = ALIGN (0x8)
 *fill*         0x0000000020000184        0x4 
                [!provide]                        PROVIDE (end = .)
                0x0000000020000188                PROVIDE (_end = .)
                0x0000000020000388                . = (. + _Min_Heap_Size)
 *fill*         0x0000000020000188      0x200 
                0x0000000020000788                . = (. + _Min_Stack_Size)
 *fill*         0x0000000020000388      0x400 
                0x0000000020000788                . = ALIGN (0x8)

/DISCARD/
 libc.a(*)
 libm.a(*)
 libgcc.a(*)

.ARM.attributes
                0x0000000000000000       0x30
 *(.ARM.attributes)
 .ARM.attributes
                0x0000000000000000       0x1e c:/st/stm32cubeide_1.11.0/stm32cubeide/plugins/com.st.stm32cube.ide.mcu.externaltools.gnu-tools-for-stm32.10.3-2021.10.win32_1.0.100.202210260954/tools/bin/../lib/gcc/arm-none-eabi/10.3.1/thumb/v7e-m+fp/hard/crti.o
 .ARM.attributes
                0x000000000000001e       0x34 c:/st/stm32cubeide_1.11.0/stm32cubeide/plugins/com.st.stm32cube.ide.mcu.externaltools.gnu-tools-for-stm32.10.3-2021.10.win32_1.0.100.202210260954/tools/bin/../lib/gcc/arm-none-eabi/10.3.1/thumb/v7e-m+fp/hard/crtbegin.o
 .ARM.attributes
                0x0000000000000052       0x34 ./Core/Src/main.o
 .ARM.attributes
                0x0000000000000086       0x34 ./Core/Src/stm32f3xx_hal_msp.o
 .ARM.attributes
                0x00000000000000ba       0x34 ./Core/Src/stm32f3xx_it.o
 .ARM.attributes
                0x00000000000000ee       0x34 ./Core/Src/system_stm32f3xx.o
 .ARM.attributes
                0x0000000000000122       0x21 ./Core/Startup/startup_stm32f301k8tx.o
 .ARM.attributes
                0x0000000000000143       0x34 ./Drivers/STM32F3xx_HAL_Driver/Src/stm32f3xx_hal.o
 .ARM.attributes
                0x0000000000000177       0x34 ./Drivers/STM32F3xx_HAL_Driver/Src/stm32f3xx_hal_cortex.o
 .ARM.attributes
                0x00000000000001ab       0x34 ./Drivers/STM32F3xx_HAL_Driver/Src/stm32f3xx_hal_gpio.o
 .ARM.attributes
                0x00000000000001df       0x34 ./Drivers/STM32F3xx_HAL_Driver/Src/stm32f3xx_hal_rcc.o
 .ARM.attributes
                0x0000000000000213       0x34 ./Drivers/STM32F3xx_HAL_Driver/Src/stm32f3xx_hal_rcc_ex.o
 .ARM.attributes
                0x0000000000000247       0x34 ./Drivers/STM32F3xx_HAL_Driver/Src/stm32f3xx_hal_tim.o
 .ARM.attributes
                0x000000000000027b       0x34 ./Drivers/STM32F3xx_HAL_Driver/Src/stm32f3xx_hal_tim_ex.o
 .ARM.attributes
                0x00000000000002af       0x34 c:/st/stm32cubeide_1.11.0/stm32cubeide/plugins/com.st.stm32cube.ide.mcu.externaltools.gnu-tools-for-stm32.10.3-2021.10.win32_1.0.100.202210260954/tools/bin/../lib/gcc/arm-none-eabi/10.3.1/../../../../arm-none-eabi/lib/thumb/v7e-m+fp/hard\libc_nano.a(lib_a-init.o)
 .ARM.attributes
                0x00000000000002e3       0x34 c:/st/stm32cubeide_1.11.0/stm32cubeide/plugins/com.st.stm32cube.ide.mcu.externaltools.gnu-tools-for-stm32.10.3-2021.10.win32_1.0.100.202210260954/tools/bin/../lib/gcc/arm-none-eabi/10.3.1/../../../../arm-none-eabi/lib/thumb/v7e-m+fp/hard\libc_nano.a(lib_a-memset.o)
 .ARM.attributes
                0x0000000000000317       0x1e c:/st/stm32cubeide_1.11.0/stm32cubeide/plugins/com.st.stm32cube.ide.mcu.externaltools.gnu-tools-for-stm32.10.3-2021.10.win32_1.0.100.202210260954/tools/bin/../lib/gcc/arm-none-eabi/10.3.1/thumb/v7e-m+fp/hard\libgcc.a(_arm_addsubdf3.o)
 .ARM.attributes
                0x0000000000000335       0x1e c:/st/stm32cubeide_1.11.0/stm32cubeide/plugins/com.st.stm32cube.ide.mcu.externaltools.gnu-tools-for-stm32.10.3-2021.10.win32_1.0.100.202210260954/tools/bin/../lib/gcc/arm-none-eabi/10.3.1/thumb/v7e-m+fp/hard\libgcc.a(_arm_muldivdf3.o)
 .ARM.attributes
                0x0000000000000353       0x1e c:/st/stm32cubeide_1.11.0/stm32cubeide/plugins/com.st.stm32cube.ide.mcu.externaltools.gnu-tools-for-stm32.10.3-2021.10.win32_1.0.100.202210260954/tools/bin/../lib/gcc/arm-none-eabi/10.3.1/thumb/v7e-m+fp/hard\libgcc.a(_arm_truncdfsf2.o)
 .ARM.attributes
                0x0000000000000371       0x1e c:/st/stm32cubeide_1.11.0/stm32cubeide/plugins/com.st.stm32cube.ide.mcu.externaltools.gnu-tools-for-stm32.10.3-2021.10.win32_1.0.100.202210260954/tools/bin/../lib/gcc/arm-none-eabi/10.3.1/thumb/v7e-m+fp/hard/crtn.o
OUTPUT(capteur_capa.elf elf32-littlearm)
LOAD linker stubs
LOAD c:/st/stm32cubeide_1.11.0/stm32cubeide/plugins/com.st.stm32cube.ide.mcu.externaltools.gnu-tools-for-stm32.10.3-2021.10.win32_1.0.100.202210260954/tools/bin/../lib/gcc/arm-none-eabi/10.3.1/../../../../arm-none-eabi/lib/thumb/v7e-m+fp/hard\libc.a
LOAD c:/st/stm32cubeide_1.11.0/stm32cubeide/plugins/com.st.stm32cube.ide.mcu.externaltools.gnu-tools-for-stm32.10.3-2021.10.win32_1.0.100.202210260954/tools/bin/../lib/gcc/arm-none-eabi/10.3.1/../../../../arm-none-eabi/lib/thumb/v7e-m+fp/hard\libm.a
LOAD c:/st/stm32cubeide_1.11.0/stm32cubeide/plugins/com.st.stm32cube.ide.mcu.externaltools.gnu-tools-for-stm32.10.3-2021.10.win32_1.0.100.202210260954/tools/bin/../lib/gcc/arm-none-eabi/10.3.1/thumb/v7e-m+fp/hard\libgcc.a

.debug_info     0x0000000000000000     0xa30f
 .debug_info    0x0000000000000000     0x143f ./Core/Src/main.o
 .debug_info    0x000000000000143f      0xbb1 ./Core/Src/stm32f3xx_hal_msp.o
 .debug_info    0x0000000000001ff0      0x771 ./Core/Src/stm32f3xx_it.o
 .debug_info    0x0000000000002761      0x416 ./Core/Src/system_stm32f3xx.o
 .debug_info    0x0000000000002b77       0x22 ./Core/Startup/startup_stm32f301k8tx.o
 .debug_info    0x0000000000002b99      0x771 ./Drivers/STM32F3xx_HAL_Driver/Src/stm32f3xx_hal.o
 .debug_info    0x000000000000330a      0xb1a ./Drivers/STM32F3xx_HAL_Driver/Src/stm32f3xx_hal_cortex.o
 .debug_info    0x0000000000003e24      0x68a ./Drivers/STM32F3xx_HAL_Driver/Src/stm32f3xx_hal_gpio.o
 .debug_info    0x00000000000044ae     0x1586 ./Drivers/STM32F3xx_HAL_Driver/Src/stm32f3xx_hal_rcc.o
 .debug_info    0x0000000000005a34      0x5bf ./Drivers/STM32F3xx_HAL_Driver/Src/stm32f3xx_hal_rcc_ex.o
 .debug_info    0x0000000000005ff3     0x2ca3 ./Drivers/STM32F3xx_HAL_Driver/Src/stm32f3xx_hal_tim.o
 .debug_info    0x0000000000008c96     0x1679 ./Drivers/STM32F3xx_HAL_Driver/Src/stm32f3xx_hal_tim_ex.o

.debug_abbrev   0x0000000000000000     0x1815
 .debug_abbrev  0x0000000000000000      0x2de ./Core/Src/main.o
 .debug_abbrev  0x00000000000002de      0x1b0 ./Core/Src/stm32f3xx_hal_msp.o
 .debug_abbrev  0x000000000000048e      0x184 ./Core/Src/stm32f3xx_it.o
 .debug_abbrev  0x0000000000000612      0x116 ./Core/Src/system_stm32f3xx.o
 .debug_abbrev  0x0000000000000728       0x12 ./Core/Startup/startup_stm32f301k8tx.o
 .debug_abbrev  0x000000000000073a      0x23f ./Drivers/STM32F3xx_HAL_Driver/Src/stm32f3xx_hal.o
 .debug_abbrev  0x0000000000000979      0x2ed ./Drivers/STM32F3xx_HAL_Driver/Src/stm32f3xx_hal_cortex.o
 .debug_abbrev  0x0000000000000c66      0x1bb ./Drivers/STM32F3xx_HAL_Driver/Src/stm32f3xx_hal_gpio.o
 .debug_abbrev  0x0000000000000e21      0x30c ./Drivers/STM32F3xx_HAL_Driver/Src/stm32f3xx_hal_rcc.o
 .debug_abbrev  0x000000000000112d      0x226 ./Drivers/STM32F3xx_HAL_Driver/Src/stm32f3xx_hal_rcc_ex.o
 .debug_abbrev  0x0000000000001353      0x25d ./Drivers/STM32F3xx_HAL_Driver/Src/stm32f3xx_hal_tim.o
 .debug_abbrev  0x00000000000015b0      0x265 ./Drivers/STM32F3xx_HAL_Driver/Src/stm32f3xx_hal_tim_ex.o

.debug_aranges  0x0000000000000000      0x9c8
 .debug_aranges
                0x0000000000000000       0x78 ./Core/Src/main.o
 .debug_aranges
                0x0000000000000078       0x38 ./Core/Src/stm32f3xx_hal_msp.o
 .debug_aranges
                0x00000000000000b0       0x78 ./Core/Src/stm32f3xx_it.o
 .debug_aranges
                0x0000000000000128       0x28 ./Core/Src/system_stm32f3xx.o
 .debug_aranges
                0x0000000000000150       0x28 ./Core/Startup/startup_stm32f301k8tx.o
 .debug_aranges
                0x0000000000000178       0xe0 ./Drivers/STM32F3xx_HAL_Driver/Src/stm32f3xx_hal.o
 .debug_aranges
                0x0000000000000258      0x100 ./Drivers/STM32F3xx_HAL_Driver/Src/stm32f3xx_hal_cortex.o
 .debug_aranges
                0x0000000000000358       0x58 ./Drivers/STM32F3xx_HAL_Driver/Src/stm32f3xx_hal_gpio.o
 .debug_aranges
                0x00000000000003b0       0x88 ./Drivers/STM32F3xx_HAL_Driver/Src/stm32f3xx_hal_rcc.o
 .debug_aranges
                0x0000000000000438       0x38 ./Drivers/STM32F3xx_HAL_Driver/Src/stm32f3xx_hal_rcc_ex.o
 .debug_aranges
                0x0000000000000470      0x3e0 ./Drivers/STM32F3xx_HAL_Driver/Src/stm32f3xx_hal_tim.o
 .debug_aranges
                0x0000000000000850      0x178 ./Drivers/STM32F3xx_HAL_Driver/Src/stm32f3xx_hal_tim_ex.o

.debug_ranges   0x0000000000000000      0x910
 .debug_ranges  0x0000000000000000       0x68 ./Core/Src/main.o
 .debug_ranges  0x0000000000000068       0x28 ./Core/Src/stm32f3xx_hal_msp.o
 .debug_ranges  0x0000000000000090       0x68 ./Core/Src/stm32f3xx_it.o
 .debug_ranges  0x00000000000000f8       0x18 ./Core/Src/system_stm32f3xx.o
 .debug_ranges  0x0000000000000110       0x20 ./Core/Startup/startup_stm32f301k8tx.o
 .debug_ranges  0x0000000000000130       0xd0 ./Drivers/STM32F3xx_HAL_Driver/Src/stm32f3xx_hal.o
 .debug_ranges  0x0000000000000200       0xf0 ./Drivers/STM32F3xx_HAL_Driver/Src/stm32f3xx_hal_cortex.o
 .debug_ranges  0x00000000000002f0       0x48 ./Drivers/STM32F3xx_HAL_Driver/Src/stm32f3xx_hal_gpio.o
 .debug_ranges  0x0000000000000338       0x78 ./Drivers/STM32F3xx_HAL_Driver/Src/stm32f3xx_hal_rcc.o
 .debug_ranges  0x00000000000003b0       0x28 ./Drivers/STM32F3xx_HAL_Driver/Src/stm32f3xx_hal_rcc_ex.o
 .debug_ranges  0x00000000000003d8      0x3d0 ./Drivers/STM32F3xx_HAL_Driver/Src/stm32f3xx_hal_tim.o
 .debug_ranges  0x00000000000007a8      0x168 ./Drivers/STM32F3xx_HAL_Driver/Src/stm32f3xx_hal_tim_ex.o

.debug_macro    0x0000000000000000    0x14fb5
 .debug_macro   0x0000000000000000      0x361 ./Core/Src/main.o
 .debug_macro   0x0000000000000361      0xa78 ./Core/Src/main.o
 .debug_macro   0x0000000000000dd9      0x151 ./Core/Src/main.o
 .debug_macro   0x0000000000000f2a       0x2e ./Core/Src/main.o
 .debug_macro   0x0000000000000f58       0x28 ./Core/Src/main.o
 .debug_macro   0x0000000000000f80       0x22 ./Core/Src/main.o
 .debug_macro   0x0000000000000fa2       0x8e ./Core/Src/main.o
 .debug_macro   0x0000000000001030       0x51 ./Core/Src/main.o
 .debug_macro   0x0000000000001081      0x103 ./Core/Src/main.o
 .debug_macro   0x0000000000001184       0x6a ./Core/Src/main.o
 .debug_macro   0x00000000000011ee      0x1df ./Core/Src/main.o
 .debug_macro   0x00000000000013cd       0x1c ./Core/Src/main.o
 .debug_macro   0x00000000000013e9       0x22 ./Core/Src/main.o
 .debug_macro   0x000000000000140b       0xd9 ./Core/Src/main.o
 .debug_macro   0x00000000000014e4      0xf07 ./Core/Src/main.o
 .debug_macro   0x00000000000023eb     0xb11f ./Core/Src/main.o
 .debug_macro   0x000000000000d50a       0x6d ./Core/Src/main.o
 .debug_macro   0x000000000000d577     0x3540 ./Core/Src/main.o
 .debug_macro   0x0000000000010ab7      0x174 ./Core/Src/main.o
 .debug_macro   0x0000000000010c2b       0x55 ./Core/Src/main.o
 .debug_macro   0x0000000000010c80      0x8f9 ./Core/Src/main.o
 .debug_macro   0x0000000000011579      0x39d ./Core/Src/main.o
 .debug_macro   0x0000000000011916      0x1b6 ./Core/Src/main.o
 .debug_macro   0x0000000000011acc      0x153 ./Core/Src/main.o
 .debug_macro   0x0000000000011c1f      0x1d5 ./Core/Src/main.o
 .debug_macro   0x0000000000011df4      0x1bc ./Core/Src/main.o
 .debug_macro   0x0000000000011fb0       0x34 ./Core/Src/main.o
 .debug_macro   0x0000000000011fe4       0x3c ./Core/Src/main.o
 .debug_macro   0x0000000000012020       0x57 ./Core/Src/main.o
 .debug_macro   0x0000000000012077       0xc5 ./Core/Src/main.o
 .debug_macro   0x000000000001213c      0x19f ./Core/Src/main.o
 .debug_macro   0x00000000000122db      0x22c ./Core/Src/main.o
 .debug_macro   0x0000000000012507       0x5b ./Core/Src/main.o
 .debug_macro   0x0000000000012562       0xa5 ./Core/Src/main.o
 .debug_macro   0x0000000000012607       0x81 ./Core/Src/main.o
 .debug_macro   0x0000000000012688       0xd3 ./Core/Src/main.o
 .debug_macro   0x000000000001275b      0xa3d ./Core/Src/main.o
 .debug_macro   0x0000000000013198       0x41 ./Core/Src/main.o
 .debug_macro   0x00000000000131d9      0x1db ./Core/Src/main.o
 .debug_macro   0x00000000000133b4       0x52 ./Core/Src/main.o
 .debug_macro   0x0000000000013406       0x1e ./Core/Src/main.o
 .debug_macro   0x0000000000013424       0x3c ./Core/Src/main.o
 .debug_macro   0x0000000000013460       0x34 ./Core/Src/main.o
 .debug_macro   0x0000000000013494       0x16 ./Core/Src/main.o
 .debug_macro   0x00000000000134aa       0x35 ./Core/Src/main.o
 .debug_macro   0x00000000000134df      0x341 ./Core/Src/main.o
 .debug_macro   0x0000000000013820       0x10 ./Core/Src/main.o
 .debug_macro   0x0000000000013830       0x16 ./Core/Src/main.o
 .debug_macro   0x0000000000013846       0x43 ./Core/Src/main.o
 .debug_macro   0x0000000000013889       0x34 ./Core/Src/main.o
 .debug_macro   0x00000000000138bd       0x10 ./Core/Src/main.o
 .debug_macro   0x00000000000138cd       0x58 ./Core/Src/main.o
 .debug_macro   0x0000000000013925       0x71 ./Core/Src/main.o
 .debug_macro   0x0000000000013996       0x1c ./Core/Src/main.o
 .debug_macro   0x00000000000139b2      0x12a ./Core/Src/main.o
 .debug_macro   0x0000000000013adc       0x10 ./Core/Src/main.o
 .debug_macro   0x0000000000013aec       0x1c ./Core/Src/main.o
 .debug_macro   0x0000000000013b08       0x52 ./Core/Src/main.o
 .debug_macro   0x0000000000013b5a       0x22 ./Core/Src/main.o
 .debug_macro   0x0000000000013b7c       0x10 ./Core/Src/main.o
 .debug_macro   0x0000000000013b8c       0x52 ./Core/Src/main.o
 .debug_macro   0x0000000000013bde       0xd5 ./Core/Src/main.o
 .debug_macro   0x0000000000013cb3       0x1c ./Core/Src/main.o
 .debug_macro   0x0000000000013ccf       0x3d ./Core/Src/main.o
 .debug_macro   0x0000000000013d0c       0x16 ./Core/Src/main.o
 .debug_macro   0x0000000000013d22      0x145 ./Core/Src/main.o
 .debug_macro   0x0000000000013e67      0x1ba ./Core/Src/stm32f3xx_hal_msp.o
 .debug_macro   0x0000000000014021      0x1c4 ./Core/Src/stm32f3xx_it.o
 .debug_macro   0x00000000000141e5      0x1b0 ./Core/Src/system_stm32f3xx.o
 .debug_macro   0x0000000000014395      0x1d4 ./Drivers/STM32F3xx_HAL_Driver/Src/stm32f3xx_hal.o
 .debug_macro   0x0000000000014569      0x1b0 ./Drivers/STM32F3xx_HAL_Driver/Src/stm32f3xx_hal_cortex.o
 .debug_macro   0x0000000000014719      0x1b7 ./Drivers/STM32F3xx_HAL_Driver/Src/stm32f3xx_hal_gpio.o
 .debug_macro   0x00000000000148d0      0x1d4 ./Drivers/STM32F3xx_HAL_Driver/Src/stm32f3xx_hal_rcc.o
 .debug_macro   0x0000000000014aa4      0x1b0 ./Drivers/STM32F3xx_HAL_Driver/Src/stm32f3xx_hal_rcc_ex.o
 .debug_macro   0x0000000000014c54      0x1b1 ./Drivers/STM32F3xx_HAL_Driver/Src/stm32f3xx_hal_tim.o
 .debug_macro   0x0000000000014e05      0x1b0 ./Drivers/STM32F3xx_HAL_Driver/Src/stm32f3xx_hal_tim_ex.o

.debug_line     0x0000000000000000     0xb667
 .debug_line    0x0000000000000000      0xcd8 ./Core/Src/main.o
 .debug_line    0x0000000000000cd8      0x786 ./Core/Src/stm32f3xx_hal_msp.o
 .debug_line    0x000000000000145e      0x7b3 ./Core/Src/stm32f3xx_it.o
 .debug_line    0x0000000000001c11      0x723 ./Core/Src/system_stm32f3xx.o
 .debug_line    0x0000000000002334       0x88 ./Core/Startup/startup_stm32f301k8tx.o
 .debug_line    0x00000000000023bc      0x958 ./Drivers/STM32F3xx_HAL_Driver/Src/stm32f3xx_hal.o
 .debug_line    0x0000000000002d14      0xb40 ./Drivers/STM32F3xx_HAL_Driver/Src/stm32f3xx_hal_cortex.o
 .debug_line    0x0000000000003854      0xaa5 ./Drivers/STM32F3xx_HAL_Driver/Src/stm32f3xx_hal_gpio.o
 .debug_line    0x00000000000042f9     0x1335 ./Drivers/STM32F3xx_HAL_Driver/Src/stm32f3xx_hal_rcc.o
 .debug_line    0x000000000000562e      0xb61 ./Drivers/STM32F3xx_HAL_Driver/Src/stm32f3xx_hal_rcc_ex.o
 .debug_line    0x000000000000618f     0x3b40 ./Drivers/STM32F3xx_HAL_Driver/Src/stm32f3xx_hal_tim.o
 .debug_line    0x0000000000009ccf     0x1998 ./Drivers/STM32F3xx_HAL_Driver/Src/stm32f3xx_hal_tim_ex.o

.debug_str      0x0000000000000000    0x83620
 .debug_str     0x0000000000000000    0x815b5 ./Core/Src/main.o
                                      0x8192c (size before relaxing)
 .debug_str     0x00000000000815b5      0x2f5 ./Core/Src/stm32f3xx_hal_msp.o
                                      0x7d502 (size before relaxing)
 .debug_str     0x00000000000818aa       0xfb ./Core/Src/stm32f3xx_it.o
                                      0x7d18f (size before relaxing)
 .debug_str     0x00000000000819a5       0xe9 ./Core/Src/system_stm32f3xx.o
                                      0x7ccb6 (size before relaxing)
 .debug_str     0x0000000000081a8e       0x36 ./Core/Startup/startup_stm32f301k8tx.o
                                         0x6d (size before relaxing)
 .debug_str     0x0000000000081ac4      0x397 ./Drivers/STM32F3xx_HAL_Driver/Src/stm32f3xx_hal.o
                                      0x7d395 (size before relaxing)
 .debug_str     0x0000000000081e5b      0x240 ./Drivers/STM32F3xx_HAL_Driver/Src/stm32f3xx_hal_cortex.o
                                      0x7d2ba (size before relaxing)
 .debug_str     0x000000000008209b      0x129 ./Drivers/STM32F3xx_HAL_Driver/Src/stm32f3xx_hal_gpio.o
                                      0x7ce2c (size before relaxing)
 .debug_str     0x00000000000821c4      0x2bf ./Drivers/STM32F3xx_HAL_Driver/Src/stm32f3xx_hal_rcc.o
                                      0x7d156 (size before relaxing)
 .debug_str     0x0000000000082483       0xb4 ./Drivers/STM32F3xx_HAL_Driver/Src/stm32f3xx_hal_rcc_ex.o
                                      0x7cec8 (size before relaxing)
 .debug_str     0x0000000000082537      0xce7 ./Drivers/STM32F3xx_HAL_Driver/Src/stm32f3xx_hal_tim.o
                                      0x7e0dd (size before relaxing)
 .debug_str     0x000000000008321e      0x402 ./Drivers/STM32F3xx_HAL_Driver/Src/stm32f3xx_hal_tim_ex.o
                                      0x7d933 (size before relaxing)

.comment        0x0000000000000000       0x50
 .comment       0x0000000000000000       0x50 ./Core/Src/main.o
                                         0x51 (size before relaxing)
 .comment       0x0000000000000050       0x51 ./Core/Src/stm32f3xx_hal_msp.o
 .comment       0x0000000000000050       0x51 ./Core/Src/stm32f3xx_it.o
 .comment       0x0000000000000050       0x51 ./Core/Src/system_stm32f3xx.o
 .comment       0x0000000000000050       0x51 ./Drivers/STM32F3xx_HAL_Driver/Src/stm32f3xx_hal.o
 .comment       0x0000000000000050       0x51 ./Drivers/STM32F3xx_HAL_Driver/Src/stm32f3xx_hal_cortex.o
 .comment       0x0000000000000050       0x51 ./Drivers/STM32F3xx_HAL_Driver/Src/stm32f3xx_hal_gpio.o
 .comment       0x0000000000000050       0x51 ./Drivers/STM32F3xx_HAL_Driver/Src/stm32f3xx_hal_rcc.o
 .comment       0x0000000000000050       0x51 ./Drivers/STM32F3xx_HAL_Driver/Src/stm32f3xx_hal_rcc_ex.o
 .comment       0x0000000000000050       0x51 ./Drivers/STM32F3xx_HAL_Driver/Src/stm32f3xx_hal_tim.o
 .comment       0x0000000000000050       0x51 ./Drivers/STM32F3xx_HAL_Driver/Src/stm32f3xx_hal_tim_ex.o

.debug_frame    0x0000000000000000     0x2984
 .debug_frame   0x0000000000000000      0x1b0 ./Core/Src/main.o
 .debug_frame   0x00000000000001b0       0xa0 ./Core/Src/stm32f3xx_hal_msp.o
 .debug_frame   0x0000000000000250      0x15c ./Core/Src/stm32f3xx_it.o
 .debug_frame   0x00000000000003ac       0x58 ./Core/Src/system_stm32f3xx.o
 .debug_frame   0x0000000000000404      0x334 ./Drivers/STM32F3xx_HAL_Driver/Src/stm32f3xx_hal.o
 .debug_frame   0x0000000000000738      0x428 ./Drivers/STM32F3xx_HAL_Driver/Src/stm32f3xx_hal_cortex.o
 .debug_frame   0x0000000000000b60      0x14c ./Drivers/STM32F3xx_HAL_Driver/Src/stm32f3xx_hal_gpio.o
 .debug_frame   0x0000000000000cac      0x214 ./Drivers/STM32F3xx_HAL_Driver/Src/stm32f3xx_hal_rcc.o
 .debug_frame   0x0000000000000ec0       0xb4 ./Drivers/STM32F3xx_HAL_Driver/Src/stm32f3xx_hal_rcc_ex.o
 .debug_frame   0x0000000000000f74     0x121c ./Drivers/STM32F3xx_HAL_Driver/Src/stm32f3xx_hal_tim.o
 .debug_frame   0x0000000000002190      0x688 ./Drivers/STM32F3xx_HAL_Driver/Src/stm32f3xx_hal_tim_ex.o
 .debug_frame   0x0000000000002818       0x2c c:/st/stm32cubeide_1.11.0/stm32cubeide/plugins/com.st.stm32cube.ide.mcu.externaltools.gnu-tools-for-stm32.10.3-2021.10.win32_1.0.100.202210260954/tools/bin/../lib/gcc/arm-none-eabi/10.3.1/../../../../arm-none-eabi/lib/thumb/v7e-m+fp/hard\libc_nano.a(lib_a-init.o)
 .debug_frame   0x0000000000002844       0x20 c:/st/stm32cubeide_1.11.0/stm32cubeide/plugins/com.st.stm32cube.ide.mcu.externaltools.gnu-tools-for-stm32.10.3-2021.10.win32_1.0.100.202210260954/tools/bin/../lib/gcc/arm-none-eabi/10.3.1/../../../../arm-none-eabi/lib/thumb/v7e-m+fp/hard\libc_nano.a(lib_a-memset.o)
 .debug_frame   0x0000000000002864       0xac c:/st/stm32cubeide_1.11.0/stm32cubeide/plugins/com.st.stm32cube.ide.mcu.externaltools.gnu-tools-for-stm32.10.3-2021.10.win32_1.0.100.202210260954/tools/bin/../lib/gcc/arm-none-eabi/10.3.1/thumb/v7e-m+fp/hard\libgcc.a(_arm_addsubdf3.o)
 .debug_frame   0x0000000000002910       0x50 c:/st/stm32cubeide_1.11.0/stm32cubeide/plugins/com.st.stm32cube.ide.mcu.externaltools.gnu-tools-for-stm32.10.3-2021.10.win32_1.0.100.202210260954/tools/bin/../lib/gcc/arm-none-eabi/10.3.1/thumb/v7e-m+fp/hard\libgcc.a(_arm_muldivdf3.o)
 .debug_frame   0x0000000000002960       0x24 c:/st/stm32cubeide_1.11.0/stm32cubeide/plugins/com.st.stm32cube.ide.mcu.externaltools.gnu-tools-for-stm32.10.3-2021.10.win32_1.0.100.202210260954/tools/bin/../lib/gcc/arm-none-eabi/10.3.1/thumb/v7e-m+fp/hard\libgcc.a(_arm_truncdfsf2.o)
