../Core/Src/main.c:110:6:SevenSegment_Update	16	static
../Core/Src/main.c:125:5:main	24	static
../Core/Src/main.c:273:6:SystemClock_Config	120	static
../Core/Src/main.c:321:13:MX_TIM1_Init	112	static
../Core/Src/main.c:401:13:MX_TIM2_Init	56	static
../Core/Src/main.c:459:13:MX_TIM16_Init	24	static
../Core/Src/main.c:505:13:MX_GPIO_Init	40	static
../Core/Src/main.c:554:6:calcul_capa	8	static
../Core/Src/main.c:559:7:moving_average	16	static
../Core/Src/main.c:567:6:HAL_TIM_IC_CaptureCallback	16	static
../Core/Src/main.c:596:6:HAL_TIM_PeriodElapsedCallback	16	static
../Core/Src/main.c:623:6:Error_Handler	4	static,ignoring_inline_asm
